x     	y     	z      
-------	-------	-------
 0.4492	 0.4492	 23520.0000
 0.4492	 0.0000	 23520.0000
 0.4492	-0.4492	 23520.0000
 0.0000	 0.4492	 23520.0000
 0.0000	 0.0000	 23520.0000
 0.0000	-0.4492	 23520.0000
-0.4492	 0.4492	 23520.0000
-0.4492	 0.0000	 23520.0000
-0.4492	-0.4492	 23520.0000
